COMMAND ['git', 'clone', '--filter=blob:none', 'https://github.com/RICHAAARC/SC-SSTW.git', '/content/SC-SSTW-LAYERED-TRANSPORT-20260930T165530863126Z']
Cloning into '/content/SC-SSTW-LAYERED-TRANSPORT-20260930T165530863126Z'...
EXIT 0
COMMAND ['git', '-C', '/content/SC-SSTW-LAYERED-TRANSPORT-20260930T165530863126Z', 'fetch', 'origin', 'd4f5d73c506c20f4dfa5e1f74065836c23432064']
From https://github.com/RICHAAARC/SC-SSTW
 * branch            d4f5d73c506c20f4dfa5e1f74065836c23432064 -> FETCH_HEAD
EXIT 0
COMMAND ['git', '-C', '/content/SC-SSTW-LAYERED-TRANSPORT-20260930T165530863126Z', 'checkout', '--detach', 'd4f5d73c506c20f4dfa5e1f74065836c23432064']
HEAD is now at d4f5d73 Add matched five-layer zero-mean transfer diagnostic
EXIT 0
COMMAND ['/usr/bin/python3', '-c', 'import torch,torchvision; print(torch.__version__,torchvision.__version__)']
2.11.0+cu128 0.26.0+cu128
EXIT 0
COMMAND ['/usr/bin/python3', '-m', 'pip', 'install', '-r', '/content/SC-SSTW-LAYERED-TRANSPORT-20260930T165530863126Z/experiments/wan_state_clock/requirements-grow-video-reference.txt']
Collecting diffusers<0.40,>=0.35 (from -r /content/SC-SSTW-LAYERED-TRANSPORT-20260930T165530863126Z/experiments/wan_state_clock/requirements-grow-video-reference.txt (line 3))
  Downloading diffusers-0.39.0-py3-none-any.whl.metadata (20 kB)
Collecting transformers<5,>=4.44 (from -r /content/SC-SSTW-LAYERED-TRANSPORT-20260930T165530863126Z/experiments/wan_state_clock/requirements-grow-video-reference.txt (line 4))
  Downloading transformers-4.57.6-py3-none-any.whl.metadata (43 kB)
     ━━━━━━━━━━━━━━━━━━━━━━━━━━━━━━━━━━━━━━━━ 44.0/44.0 kB 5.7 MB/s eta 0:00:00
Requirement already satisfied: accelerate<2,>=0.34 in /usr/local/lib/python3.13/dist-packages (from -r /content/SC-SSTW-LAYERED-TRANSPORT-20260930T165530863126Z/experiments/wan_state_clock/requirements-grow-video-reference.txt (line 5)) (1.14.0)
Requirement already satisfied: numpy>=1.26 in /usr/local/lib/python3.13/dist-packages (from -r /content/SC-SSTW-LAYERED-TRANSPORT-20260930T165530863126Z/experiments/wan_state_clock/requirements-grow-video-reference.txt (line 6)) (2.1.3)
Requirement already satisfied: Pillow>=10 in /usr/local/lib/python3.13/dist-packages (from -r /content/SC-SSTW-LAYERED-TRANSPORT-20260930T165530863126Z/experiments/wan_state_clock/requirements-grow-video-reference.txt (line 7)) (11.3.0)
Requirement already satisfied: tqdm>=4.66 in /usr/local/lib/python3.13/dist-packages (from -r /content/SC-SSTW-LAYERED-TRANSPORT-20260930T165530863126Z/experiments/wan_state_clock/requirements-grow-video-reference.txt (line 8)) (4.67.3)
Requirement already satisfied: PyYAML>=6 in /usr/local/lib/python3.13/dist-packages (from -r /content/SC-SSTW-LAYERED-TRANSPORT-20260930T165530863126Z/experiments/wan_state_clock/requirements-grow-video-reference.txt (line 9)) (6.0.3)
Collecting huggingface_hub<1,>=0.34 (from -r /content/SC-SSTW-LAYERED-TRANSPORT-20260930T165530863126Z/experiments/wan_state_clock/requirements-grow-video-reference.txt (line 10))
  Downloading huggingface_hub-0.36.2-py3-none-any.whl.metadata (15 kB)
Requirement already satisfied: safetensors>=0.4 in /usr/local/lib/python3.13/dist-packages (from -r /content/SC-SSTW-LAYERED-TRANSPORT-20260930T165530863126Z/experiments/wan_state_clock/requirements-grow-video-reference.txt (line 11)) (0.8.0)
Collecting ftfy>=6 (from -r /content/SC-SSTW-LAYERED-TRANSPORT-20260930T165530863126Z/experiments/wan_state_clock/requirements-grow-video-reference.txt (line 12))
  Downloading ftfy-6.3.1-py3-none-any.whl.metadata (7.3 kB)
Requirement already satisfied: sentencepiece>=0.2 in /usr/local/lib/python3.13/dist-packages (from -r /content/SC-SSTW-LAYERED-TRANSPORT-20260930T165530863126Z/experiments/wan_state_clock/requirements-grow-video-reference.txt (line 13)) (0.2.2)
Requirement already satisfied: importlib_metadata in /usr/local/lib/python3.13/dist-packages (from diffusers<0.40,>=0.35->-r /content/SC-SSTW-LAYERED-TRANSPORT-20260930T165530863126Z/experiments/wan_state_clock/requirements-grow-video-reference.txt (line 3)) (9.0.1)
Requirement already satisfied: filelock in /usr/local/lib/python3.13/dist-packages (from diffusers<0.40,>=0.35->-r /content/SC-SSTW-LAYERED-TRANSPORT-20260930T165530863126Z/experiments/wan_state_clock/requirements-grow-video-reference.txt (line 3)) (3.32.5)
Requirement already satisfied: httpx<1.0.0 in /usr/local/lib/python3.13/dist-packages (from diffusers<0.40,>=0.35->-r /content/SC-SSTW-LAYERED-TRANSPORT-20260930T165530863126Z/experiments/wan_state_clock/requirements-grow-video-reference.txt (line 3)) (0.28.1)
Requirement already satisfied: regex!=2019.12.17 in /usr/local/lib/python3.13/dist-packages (from diffusers<0.40,>=0.35->-r /content/SC-SSTW-LAYERED-TRANSPORT-20260930T165530863126Z/experiments/wan_state_clock/requirements-grow-video-reference.txt (line 3)) (2025.11.3)
Requirement already satisfied: requests in /usr/local/lib/python3.13/dist-packages (from diffusers<0.40,>=0.35->-r /content/SC-SSTW-LAYERED-TRANSPORT-20260930T165530863126Z/experiments/wan_state_clock/requirements-grow-video-reference.txt (line 3)) (2.32.4)
Requirement already satisfied: packaging>=20.0 in /usr/local/lib/python3.13/dist-packages (from transformers<5,>=4.44->-r /content/SC-SSTW-LAYERED-TRANSPORT-20260930T165530863126Z/experiments/wan_state_clock/requirements-grow-video-reference.txt (line 4)) (26.3)
Collecting tokenizers<=0.23.0,>=0.22.0 (from transformers<5,>=4.44->-r /content/SC-SSTW-LAYERED-TRANSPORT-20260930T165530863126Z/experiments/wan_state_clock/requirements-grow-video-reference.txt (line 4))
  Downloading tokenizers-0.22.2-cp39-abi3-manylinux_2_17_x86_64.manylinux2014_x86_64.whl.metadata (7.3 kB)
Requirement already satisfied: psutil in /usr/local/lib/python3.13/dist-packages (from accelerate<2,>=0.34->-r /content/SC-SSTW-LAYERED-TRANSPORT-20260930T165530863126Z/experiments/wan_state_clock/requirements-grow-video-reference.txt (line 5)) (5.9.5)
Requirement already satisfied: torch>=2.0.0 in /usr/local/lib/python3.13/dist-packages (from accelerate<2,>=0.34->-r /content/SC-SSTW-LAYERED-TRANSPORT-20260930T165530863126Z/experiments/wan_state_clock/requirements-grow-video-reference.txt (line 5)) (2.11.0+cu128)
Requirement already satisfied: fsspec>=2023.5.0 in /usr/local/lib/python3.13/dist-packages (from huggingface_hub<1,>=0.34->-r /content/SC-SSTW-LAYERED-TRANSPORT-20260930T165530863126Z/experiments/wan_state_clock/requirements-grow-video-reference.txt (line 10)) (2025.12.0)
Requirement already satisfied: hf-xet<2.0.0,>=1.1.3 in /usr/local/lib/python3.13/dist-packages (from huggingface_hub<1,>=0.34->-r /content/SC-SSTW-LAYERED-TRANSPORT-20260930T165530863126Z/experiments/wan_state_clock/requirements-grow-video-reference.txt (line 10)) (1.6.0)
Requirement already satisfied: typing-extensions>=3.7.4.3 in /usr/local/lib/python3.13/dist-packages (from huggingface_hub<1,>=0.34->-r /content/SC-SSTW-LAYERED-TRANSPORT-20260930T165530863126Z/experiments/wan_state_clock/requirements-grow-video-reference.txt (line 10)) (4.16.0)
Requirement already satisfied: wcwidth in /usr/local/lib/python3.13/dist-packages (from ftfy>=6->-r /content/SC-SSTW-LAYERED-TRANSPORT-20260930T165530863126Z/experiments/wan_state_clock/requirements-grow-video-reference.txt (line 12)) (0.8.3)
Requirement already satisfied: anyio in /usr/local/lib/python3.13/dist-packages (from httpx<1.0.0->diffusers<0.40,>=0.35->-r /content/SC-SSTW-LAYERED-TRANSPORT-20260930T165530863126Z/experiments/wan_state_clock/requirements-grow-video-reference.txt (line 3)) (4.14.2)
Requirement already satisfied: certifi in /usr/local/lib/python3.13/dist-packages (from httpx<1.0.0->diffusers<0.40,>=0.35->-r /content/SC-SSTW-LAYERED-TRANSPORT-20260930T165530863126Z/experiments/wan_state_clock/requirements-grow-video-reference.txt (line 3)) (2026.7.22)
Requirement already satisfied: httpcore==1.* in /usr/local/lib/python3.13/dist-packages (from httpx<1.0.0->diffusers<0.40,>=0.35->-r /content/SC-SSTW-LAYERED-TRANSPORT-20260930T165530863126Z/experiments/wan_state_clock/requirements-grow-video-reference.txt (line 3)) (1.0.9)
Requirement already satisfied: idna in /usr/local/lib/python3.13/dist-packages (from httpx<1.0.0->diffusers<0.40,>=0.35->-r /content/SC-SSTW-LAYERED-TRANSPORT-20260930T165530863126Z/experiments/wan_state_clock/requirements-grow-video-reference.txt (line 3)) (3.19)
Requirement already satisfied: h11>=0.16 in /usr/local/lib/python3.13/dist-packages (from httpcore==1.*->httpx<1.0.0->diffusers<0.40,>=0.35->-r /content/SC-SSTW-LAYERED-TRANSPORT-20260930T165530863126Z/experiments/wan_state_clock/requirements-grow-video-reference.txt (line 3)) (0.16.0)
Requirement already satisfied: setuptools<82 in /usr/local/lib/python3.13/dist-packages (from torch>=2.0.0->accelerate<2,>=0.34->-r /content/SC-SSTW-LAYERED-TRANSPORT-20260930T165530863126Z/experiments/wan_state_clock/requirements-grow-video-reference.txt (line 5)) (80.10.2)
Requirement already satisfied: sympy>=1.13.3 in /usr/local/lib/python3.13/dist-packages (from torch>=2.0.0->accelerate<2,>=0.34->-r /content/SC-SSTW-LAYERED-TRANSPORT-20260930T165530863126Z/experiments/wan_state_clock/requirements-grow-video-reference.txt (line 5)) (1.14.0)
Requirement already satisfied: networkx>=2.5.1 in /usr/local/lib/python3.13/dist-packages (from torch>=2.0.0->accelerate<2,>=0.34->-r /content/SC-SSTW-LAYERED-TRANSPORT-20260930T165530863126Z/experiments/wan_state_clock/requirements-grow-video-reference.txt (line 5)) (3.6.1)
Requirement already satisfied: jinja2 in /usr/local/lib/python3.13/dist-packages (from torch>=2.0.0->accelerate<2,>=0.34->-r /content/SC-SSTW-LAYERED-TRANSPORT-20260930T165530863126Z/experiments/wan_state_clock/requirements-grow-video-reference.txt (line 5)) (3.1.6)
Requirement already satisfied: cuda-toolkit==12.8.1 in /usr/local/lib/python3.13/dist-packages (from cuda-toolkit[cublas,cudart,cufft,cufile,cupti,curand,cusolver,cusparse,nvjitlink,nvrtc,nvtx]==12.8.1; platform_system == "Linux"->torch>=2.0.0->accelerate<2,>=0.34->-r /content/SC-SSTW-LAYERED-TRANSPORT-20260930T165530863126Z/experiments/wan_state_clock/requirements-grow-video-reference.txt (line 5)) (12.8.1)
Requirement already satisfied: cuda-bindings<13,>=12.9.4 in /usr/local/lib/python3.13/dist-packages (from torch>=2.0.0->accelerate<2,>=0.34->-r /content/SC-SSTW-LAYERED-TRANSPORT-20260930T165530863126Z/experiments/wan_state_clock/requirements-grow-video-reference.txt (line 5)) (12.9.7)
Requirement already satisfied: nvidia-cudnn-cu12==9.19.0.56 in /usr/local/lib/python3.13/dist-packages (from torch>=2.0.0->accelerate<2,>=0.34->-r /content/SC-SSTW-LAYERED-TRANSPORT-20260930T165530863126Z/experiments/wan_state_clock/requirements-grow-video-reference.txt (line 5)) (9.19.0.56)
Requirement already satisfied: nvidia-cusparselt-cu12==0.7.1 in /usr/local/lib/python3.13/dist-packages (from torch>=2.0.0->accelerate<2,>=0.34->-r /content/SC-SSTW-LAYERED-TRANSPORT-20260930T165530863126Z/experiments/wan_state_clock/requirements-grow-video-reference.txt (line 5)) (0.7.1)
Requirement already satisfied: nvidia-nccl-cu12==2.28.9 in /usr/local/lib/python3.13/dist-packages (from torch>=2.0.0->accelerate<2,>=0.34->-r /content/SC-SSTW-LAYERED-TRANSPORT-20260930T165530863126Z/experiments/wan_state_clock/requirements-grow-video-reference.txt (line 5)) (2.28.9)
Requirement already satisfied: nvidia-nvshmem-cu12==3.4.5 in /usr/local/lib/python3.13/dist-packages (from torch>=2.0.0->accelerate<2,>=0.34->-r /content/SC-SSTW-LAYERED-TRANSPORT-20260930T165530863126Z/experiments/wan_state_clock/requirements-grow-video-reference.txt (line 5)) (3.4.5)
Requirement already satisfied: triton==3.6.0 in /usr/local/lib/python3.13/dist-packages (from torch>=2.0.0->accelerate<2,>=0.34->-r /content/SC-SSTW-LAYERED-TRANSPORT-20260930T165530863126Z/experiments/wan_state_clock/requirements-grow-video-reference.txt (line 5)) (3.6.0)
Requirement already satisfied: nvidia-cublas-cu12==12.8.4.1.* in /usr/local/lib/python3.13/dist-packages (from cuda-toolkit[cublas,cudart,cufft,cufile,cupti,curand,cusolver,cusparse,nvjitlink,nvrtc,nvtx]==12.8.1; platform_system == "Linux"->torch>=2.0.0->accelerate<2,>=0.34->-r /content/SC-SSTW-LAYERED-TRANSPORT-20260930T165530863126Z/experiments/wan_state_clock/requirements-grow-video-reference.txt (line 5)) (12.8.4.1)
Requirement already satisfied: nvidia-cuda-runtime-cu12==12.8.90.* in /usr/local/lib/python3.13/dist-packages (from cuda-toolkit[cublas,cudart,cufft,cufile,cupti,curand,cusolver,cusparse,nvjitlink,nvrtc,nvtx]==12.8.1; platform_system == "Linux"->torch>=2.0.0->accelerate<2,>=0.34->-r /content/SC-SSTW-LAYERED-TRANSPORT-20260930T165530863126Z/experiments/wan_state_clock/requirements-grow-video-reference.txt (line 5)) (12.8.90)
Requirement already satisfied: nvidia-cufft-cu12==11.3.3.83.* in /usr/local/lib/python3.13/dist-packages (from cuda-toolkit[cublas,cudart,cufft,cufile,cupti,curand,cusolver,cusparse,nvjitlink,nvrtc,nvtx]==12.8.1; platform_system == "Linux"->torch>=2.0.0->accelerate<2,>=0.34->-r /content/SC-SSTW-LAYERED-TRANSPORT-20260930T165530863126Z/experiments/wan_state_clock/requirements-grow-video-reference.txt (line 5)) (11.3.3.83)
Requirement already satisfied: nvidia-cufile-cu12==1.13.1.3.* in /usr/local/lib/python3.13/dist-packages (from cuda-toolkit[cublas,cudart,cufft,cufile,cupti,curand,cusolver,cusparse,nvjitlink,nvrtc,nvtx]==12.8.1; platform_system == "Linux"->torch>=2.0.0->accelerate<2,>=0.34->-r /content/SC-SSTW-LAYERED-TRANSPORT-20260930T165530863126Z/experiments/wan_state_clock/requirements-grow-video-reference.txt (line 5)) (1.13.1.3)
Requirement already satisfied: nvidia-cuda-cupti-cu12==12.8.90.* in /usr/local/lib/python3.13/dist-packages (from cuda-toolkit[cublas,cudart,cufft,cufile,cupti,curand,cusolver,cusparse,nvjitlink,nvrtc,nvtx]==12.8.1; platform_system == "Linux"->torch>=2.0.0->accelerate<2,>=0.34->-r /content/SC-SSTW-LAYERED-TRANSPORT-20260930T165530863126Z/experiments/wan_state_clock/requirements-grow-video-reference.txt (line 5)) (12.8.90)
Requirement already satisfied: nvidia-curand-cu12==10.3.9.90.* in /usr/local/lib/python3.13/dist-packages (from cuda-toolkit[cublas,cudart,cufft,cufile,cupti,curand,cusolver,cusparse,nvjitlink,nvrtc,nvtx]==12.8.1; platform_system == "Linux"->torch>=2.0.0->accelerate<2,>=0.34->-r /content/SC-SSTW-LAYERED-TRANSPORT-20260930T165530863126Z/experiments/wan_state_clock/requirements-grow-video-reference.txt (line 5)) (10.3.9.90)
Requirement already satisfied: nvidia-cusolver-cu12==11.7.3.90.* in /usr/local/lib/python3.13/dist-packages (from cuda-toolkit[cublas,cudart,cufft,cufile,cupti,curand,cusolver,cusparse,nvjitlink,nvrtc,nvtx]==12.8.1; platform_system == "Linux"->torch>=2.0.0->accelerate<2,>=0.34->-r /content/SC-SSTW-LAYERED-TRANSPORT-20260930T165530863126Z/experiments/wan_state_clock/requirements-grow-video-reference.txt (line 5)) (11.7.3.90)
Requirement already satisfied: nvidia-cusparse-cu12==12.5.8.93.* in /usr/local/lib/python3.13/dist-packages (from cuda-toolkit[cublas,cudart,cufft,cufile,cupti,curand,cusolver,cusparse,nvjitlink,nvrtc,nvtx]==12.8.1; platform_system == "Linux"->torch>=2.0.0->accelerate<2,>=0.34->-r /content/SC-SSTW-LAYERED-TRANSPORT-20260930T165530863126Z/experiments/wan_state_clock/requirements-grow-video-reference.txt (line 5)) (12.5.8.93)
Requirement already satisfied: nvidia-nvjitlink-cu12==12.8.93.* in /usr/local/lib/python3.13/dist-packages (from cuda-toolkit[cublas,cudart,cufft,cufile,cupti,curand,cusolver,cusparse,nvjitlink,nvrtc,nvtx]==12.8.1; platform_system == "Linux"->torch>=2.0.0->accelerate<2,>=0.34->-r /content/SC-SSTW-LAYERED-TRANSPORT-20260930T165530863126Z/experiments/wan_state_clock/requirements-grow-video-reference.txt (line 5)) (12.8.93)
Requirement already satisfied: nvidia-cuda-nvrtc-cu12==12.8.93.* in /usr/local/lib/python3.13/dist-packages (from cuda-toolkit[cublas,cudart,cufft,cufile,cupti,curand,cusolver,cusparse,nvjitlink,nvrtc,nvtx]==12.8.1; platform_system == "Linux"->torch>=2.0.0->accelerate<2,>=0.34->-r /content/SC-SSTW-LAYERED-TRANSPORT-20260930T165530863126Z/experiments/wan_state_clock/requirements-grow-video-reference.txt (line 5)) (12.8.93)
Requirement already satisfied: nvidia-nvtx-cu12==12.8.90.* in /usr/local/lib/python3.13/dist-packages (from cuda-toolkit[cublas,cudart,cufft,cufile,cupti,curand,cusolver,cusparse,nvjitlink,nvrtc,nvtx]==12.8.1; platform_system == "Linux"->torch>=2.0.0->accelerate<2,>=0.34->-r /content/SC-SSTW-LAYERED-TRANSPORT-20260930T165530863126Z/experiments/wan_state_clock/requirements-grow-video-reference.txt (line 5)) (12.8.90)
Requirement already satisfied: zipp>=3.20 in /usr/local/lib/python3.13/dist-packages (from importlib_metadata->diffusers<0.40,>=0.35->-r /content/SC-SSTW-LAYERED-TRANSPORT-20260930T165530863126Z/experiments/wan_state_clock/requirements-grow-video-reference.txt (line 3)) (4.1.0)
Requirement already satisfied: charset_normalizer<4,>=2 in /usr/local/lib/python3.13/dist-packages (from requests->diffusers<0.40,>=0.35->-r /content/SC-SSTW-LAYERED-TRANSPORT-20260930T165530863126Z/experiments/wan_state_clock/requirements-grow-video-reference.txt (line 3)) (3.4.9)
Requirement already satisfied: urllib3<3,>=1.21.1 in /usr/local/lib/python3.13/dist-packages (from requests->diffusers<0.40,>=0.35->-r /content/SC-SSTW-LAYERED-TRANSPORT-20260930T165530863126Z/experiments/wan_state_clock/requirements-grow-video-reference.txt (line 3)) (2.5.0)
Requirement already satisfied: cuda-pathfinder~=1.1 in /usr/local/lib/python3.13/dist-packages (from cuda-bindings<13,>=12.9.4->torch>=2.0.0->accelerate<2,>=0.34->-r /content/SC-SSTW-LAYERED-TRANSPORT-20260930T165530863126Z/experiments/wan_state_clock/requirements-grow-video-reference.txt (line 5)) (1.8.0)
Requirement already satisfied: mpmath<1.4,>=1.1.0 in /usr/local/lib/python3.13/dist-packages (from sympy>=1.13.3->torch>=2.0.0->accelerate<2,>=0.34->-r /content/SC-SSTW-LAYERED-TRANSPORT-20260930T165530863126Z/experiments/wan_state_clock/requirements-grow-video-reference.txt (line 5)) (1.3.0)
Requirement already satisfied: MarkupSafe>=2.0 in /usr/local/lib/python3.13/dist-packages (from jinja2->torch>=2.0.0->accelerate<2,>=0.34->-r /content/SC-SSTW-LAYERED-TRANSPORT-20260930T165530863126Z/experiments/wan_state_clock/requirements-grow-video-reference.txt (line 5)) (3.0.3)
Downloading diffusers-0.39.0-py3-none-any.whl (5.6 MB)
   ━━━━━━━━━━━━━━━━━━━━━━━━━━━━━━━━━━━━━━━━ 5.6/5.6 MB 89.6 MB/s eta 0:00:00
Downloading transformers-4.57.6-py3-none-any.whl (12.0 MB)
   ━━━━━━━━━━━━━━━━━━━━━━━━━━━━━━━━━━━━━━━━ 12.0/12.0 MB 139.0 MB/s eta 0:00:00
Downloading huggingface_hub-0.36.2-py3-none-any.whl (566 kB)
   ━━━━━━━━━━━━━━━━━━━━━━━━━━━━━━━━━━━━━━━━ 566.4/566.4 kB 48.0 MB/s eta 0:00:00
Downloading ftfy-6.3.1-py3-none-any.whl (44 kB)
   ━━━━━━━━━━━━━━━━━━━━━━━━━━━━━━━━━━━━━━━━ 44.8/44.8 kB 4.5 MB/s eta 0:00:00
Downloading tokenizers-0.22.2-cp39-abi3-manylinux_2_17_x86_64.manylinux2014_x86_64.whl (3.3 MB)
   ━━━━━━━━━━━━━━━━━━━━━━━━━━━━━━━━━━━━━━━━ 3.3/3.3 MB 103.8 MB/s eta 0:00:00
Installing collected packages: ftfy, huggingface_hub, tokenizers, diffusers, transformers
  Attempting uninstall: huggingface_hub
    Found existing installation: huggingface_hub 1.29.0
    Uninstalling huggingface_hub-1.29.0:
      Successfully uninstalled huggingface_hub-1.29.0
  Attempting uninstall: tokenizers
    Found existing installation: tokenizers 0.23.1
    Uninstalling tokenizers-0.23.1:
      Successfully uninstalled tokenizers-0.23.1
  Attempting uninstall: diffusers
    Found existing installation: diffusers 0.40.0
    Uninstalling diffusers-0.40.0:
      Successfully uninstalled diffusers-0.40.0
  Attempting uninstall: transformers
    Found existing installation: transformers 5.16.1
    Uninstalling transformers-5.16.1:
      Successfully uninstalled transformers-5.16.1
ERROR: pip's dependency resolver does not currently take into account all the packages that are installed. This behaviour is the source of the following dependency conflicts.
gradio 6.26.0 requires huggingface-hub<2.0,>=1.16.0, but you have huggingface-hub 0.36.2 which is incompatible.
Successfully installed diffusers-0.39.0 ftfy-6.3.1 huggingface_hub-0.36.2 tokenizers-0.22.2 transformers-4.57.6
EXIT 0
COMMAND ['/usr/bin/python3', '-m', 'pip', 'check']
ipython 7.34.0 requires jedi, which is not installed.
gradio 6.26.0 has requirement huggingface-hub<2.0,>=1.16.0, but you have huggingface-hub 0.36.2.
EXIT 1
COMMAND ['ffmpeg', '-version']
ffmpeg version 6.1.1-3ubuntu5 Copyright (c) 2000-2023 the FFmpeg developers
built with gcc 13 (Ubuntu 13.2.0-23ubuntu3)
configuration: --prefix=/usr --extra-version=3ubuntu5 --toolchain=hardened --libdir=/usr/lib/x86_64-linux-gnu --incdir=/usr/include/x86_64-linux-gnu --arch=amd64 --enable-gpl --disable-stripping --disable-omx --enable-gnutls --enable-libaom --enable-libass --enable-libbs2b --enable-libcaca --enable-libcdio --enable-libcodec2 --enable-libdav1d --enable-libflite --enable-libfontconfig --enable-libfreetype --enable-libfribidi --enable-libglslang --enable-libgme --enable-libgsm --enable-libharfbuzz --enable-libmp3lame --enable-libmysofa --enable-libopenjpeg --enable-libopenmpt --enable-libopus --enable-librubberband --enable-libshine --enable-libsnappy --enable-libsoxr --enable-libspeex --enable-libtheora --enable-libtwolame --enable-libvidstab --enable-libvorbis --enable-libvpx --enable-libwebp --enable-libx265 --enable-libxml2 --enable-libxvid --enable-libzimg --enable-openal --enable-opencl --enable-opengl --disable-sndio --enable-libvpl --disable-libmfx --enable-libdc1394 --enable-libdrm --enable-libiec61883 --enable-chromaprint --enable-frei0r --enable-ladspa --enable-libbluray --enable-libjack --enable-libpulse --enable-librabbitmq --enable-librist --enable-libsrt --enable-libssh --enable-libsvtav1 --enable-libx264 --enable-libzmq --enable-libzvbi --enable-lv2 --enable-sdl2 --enable-libplacebo --enable-librav1e --enable-pocketsphinx --enable-librsvg --enable-libjxl --enable-shared
libavutil      58. 29.100 / 58. 29.100
libavcodec     60. 31.102 / 60. 31.102
libavformat    60. 16.100 / 60. 16.100
libavdevice    60.  3.100 / 60.  3.100
libavfilter     9. 12.100 /  9. 12.100
libswscale      7.  5.100 /  7.  5.100
libswresample   4. 12.100 /  4. 12.100
libpostproc    57.  3.100 / 57.  3.100
EXIT 0
COMMAND ['ffprobe', '-version']
ffprobe version 6.1.1-3ubuntu5 Copyright (c) 2007-2023 the FFmpeg developers
built with gcc 13 (Ubuntu 13.2.0-23ubuntu3)
configuration: --prefix=/usr --extra-version=3ubuntu5 --toolchain=hardened --libdir=/usr/lib/x86_64-linux-gnu --incdir=/usr/include/x86_64-linux-gnu --arch=amd64 --enable-gpl --disable-stripping --disable-omx --enable-gnutls --enable-libaom --enable-libass --enable-libbs2b --enable-libcaca --enable-libcdio --enable-libcodec2 --enable-libdav1d --enable-libflite --enable-libfontconfig --enable-libfreetype --enable-libfribidi --enable-libglslang --enable-libgme --enable-libgsm --enable-libharfbuzz --enable-libmp3lame --enable-libmysofa --enable-libopenjpeg --enable-libopenmpt --enable-libopus --enable-librubberband --enable-libshine --enable-libsnappy --enable-libsoxr --enable-libspeex --enable-libtheora --enable-libtwolame --enable-libvidstab --enable-libvorbis --enable-libvpx --enable-libwebp --enable-libx265 --enable-libxml2 --enable-libxvid --enable-libzimg --enable-openal --enable-opencl --enable-opengl --disable-sndio --enable-libvpl --disable-libmfx --enable-libdc1394 --enable-libdrm --enable-libiec61883 --enable-chromaprint --enable-frei0r --enable-ladspa --enable-libbluray --enable-libjack --enable-libpulse --enable-librabbitmq --enable-librist --enable-libsrt --enable-libssh --enable-libsvtav1 --enable-libx264 --enable-libzmq --enable-libzvbi --enable-lv2 --enable-sdl2 --enable-libplacebo --enable-librav1e --enable-pocketsphinx --enable-librsvg --enable-libjxl --enable-shared
libavutil      58. 29.100 / 58. 29.100
libavcodec     60. 31.102 / 60. 31.102
libavformat    60. 16.100 / 60. 16.100
libavdevice    60.  3.100 / 60.  3.100
libavfilter     9. 12.100 /  9. 12.100
libswscale      7.  5.100 /  7.  5.100
libswresample   4. 12.100 /  4. 12.100
libpostproc    57.  3.100 / 57.  3.100
EXIT 0
COMMAND ['/usr/bin/python3', '-u', '-m', 'experiments.wan_state_clock.zero_mean_c1_layered_transport_run', '--output', '/content/drive/MyDrive/Video-WM/Zero-Mean-C1-Layered-Transport-V1/20260930T165530863126Z/fixed_reference', '--input-root', '/content/drive/MyDrive/Video-WM/Video-Overlap-Zero-Mean-C1-V1/20260930T113335113338Z/fixed_reference']
Flax classes are deprecated and will be removed in Diffusers v0.40.0. We recommend migrating to PyTorch classes or pinning your version of Diffusers.
Flax classes are deprecated and will be removed in Diffusers v0.40.0. We recommend migrating to PyTorch classes or pinning your version of Diffusers.
{"status": "EXECUTION_COMPLETE", "counts": {"normalized": 15, "path_reads": 30, "payload_reads": 30, "valid_costs": 5220, "catalog_slots": 117450, "structural_exclusions": 112230, "path_posthoc": 30, "message_evaluations": 60, "rasters": 6, "mp4_saved": 6, "mp4_read": 6, "decode_diagnostics": 3}}
EXIT 0
